  Determining projects to restore...
  All projects are up-to-date for restore.
  FixIt.Common -> C:\Users\HP\PROJECTS\FixIt\FixIt.Common\bin\Debug\net8.0\FixIt.Common.dll
  FixIt.DAL -> C:\Users\HP\PROJECTS\FixIt\FixIt.DAL\bin\Debug\net8.0\FixIt.DAL.dll
  FixIt.BLL -> C:\Users\HP\PROJECTS\FixIt\FixIt.BLL\bin\Debug\net8.0\FixIt.BLL.dll
C:\Users\HP\PROJECTS\FixIt\FixIt.PL\Controllers\IssueController.cs(171,26): warning CS0168: The variable 'ex' is declared but never used [C:\Users\HP\PROJECTS\FixIt\FixIt.PL\FixIt.PL.csproj]
C:\Users\HP\PROJECTS\FixIt\FixIt.PL\Controllers\AccountController.cs(455,32): warning CS8601: Possible null reference assignment. [C:\Users\HP\PROJECTS\FixIt\FixIt.PL\FixIt.PL.csproj]
  FixIt.PL -> C:\Users\HP\PROJECTS\FixIt\FixIt.PL\bin\Debug\net8.0\FixIt.PL.dll

Build succeeded.

C:\Users\HP\PROJECTS\FixIt\FixIt.PL\Controllers\IssueController.cs(171,26): warning CS0168: The variable 'ex' is declared but never used [C:\Users\HP\PROJECTS\FixIt\FixIt.PL\FixIt.PL.csproj]
C:\Users\HP\PROJECTS\FixIt\FixIt.PL\Controllers\AccountController.cs(455,32): warning CS8601: Possible null reference assignment. [C:\Users\HP\PROJECTS\FixIt\FixIt.PL\FixIt.PL.csproj]
    2 Warning(s)
    0 Error(s)

Time Elapsed 00:00:09.34
